[-1] => less or equal than zero 
[0] => less or equal than zero 
[1] => odd 
[2] => even 
