{"useExcludeStores":[],"useStoreNos":"01","useStores":[{"code":"01"}]}
false
